// Jest Snapshot v1, https://goo.gl/fbAQLP

exports[`VGrid.ts should render with any tag 1`] = `

<span class="test">
</span>

`;
